// Vitest Snapshot v1, https://vitest.dev/guide/snapshot.html

exports[`ImageToolButton > should match snapshot 1`] = `
<DocumentFragment>
  <div
    title="Test tooltip"
  >
    <button
      aria-label="Test tooltip"
      class="z-0 group relative inline-flex items-center justify-center box-border appearance-none select-none whitespace-nowrap font-normal subpixel-antialiased overflow-hidden tap-highlight-transparent transform-gpu data-[pressed=true]:scale-[0.97] cursor-pointer outline-solid outline-transparent data-[focus-visible=true]:z-10 data-[focus-visible=true]:outline-2 data-[focus-visible=true]:outline-focus data-[focus-visible=true]:outline-offset-2 text-small gap-2 rounded-full px-0 !gap-0 transition-transform-colors-opacity motion-reduce:transition-none bg-default text-default-foreground min-w-10 w-10 h-10 data-[hover=true]:opacity-hover"
      data-react-aria-pressable="true"
      tabindex="0"
      type="button"
    >
      <span
        aria-hidden="true"
        data-testid="test-icon"
        focusable="false"
      >
        Icon
      </span>
    </button>
  </div>
</DocumentFragment>
`;
